## [:< ##

# name  = mpv.handler.stdout
# descr = reads and processes stdout output from mpv process

my $event     = shift->w;
my $read_fh   = $event->fd;
my $process   = $event->data;
my $pid       = $process->{'pid'};
my $whitelist = $process->{'log_whitelist'} || [];

<mpv.output.buffer>     //= '';
<mpv.output.parse_mode> //= '';
<mpv.output.reply_data> //= [];

my $read_bytes
    = <[base.s_read]>->( $read_fh, \$data{'mpv'}{'output.buffer'}, 4096 );

if ( $read_bytes <= 0 ) {    ## [ assumed filehandle exception ] ##
    $event->cancel;
    close($read_fh);
    <[base.logs]>->(
        "mpv-process [PID:%d] output filehandle was closed.", $pid
    );
    kill( 9, $pid );         ## making sure it is gone ##
    <[base.log]>->( 0, 'mpv process terminated.' )
        if not <zenka.shutdown>;
    <[base.logs]>->( 'stopping %s-zenka..,', <system.zenka.name> );
    exit(2);
}

while ( <mpv.output.buffer> =~ s|^([^\n]*)\n||s ) {
    my $log_level   = 0;
    my $output_line = $LAST_PAREN_MATCH;
    $output_line =~ s|\r||sg;
    next if not length $output_line;
    for my $pattern ( $whitelist->@* ) {
        if ( $output_line =~ m|$pattern| ) {
            $log_level = 2;
            last;
        }
    }
    <[base.logs]>->( $log_level, '< mpv > %s', $output_line );
}

#,,..,..,,.,,,...,,,.,...,.,,,,..,.,.,,..,.,.,..,,...,...,,..,,,,,,,.,,..,.,,,
#PWNOLEWPKWZXPO5SXDHCMP53CVTZDFWD2EUOWBPYUBVKHBWQWDQ232RSI4DHQGBUCRMJO4WF6W3WM
#\\\|BAJF77I36XJYC2VLB25J2DBQXLMONUSTAZ4IUB44PHKHBSOHLIQ \ / AMOS7 \ YOURUM ::
#\[7]CUYNJHCF6ZCPU5HSTLESQKUWAGTRK47WYSGIRDKD5CXGSQ3JXEBA 7  DATA SIGNATURE ::
#:::::::::::::::::::::::::::::::::::::::::::::::::::::::::::::::::::::::::::::
