## [:< ##

# name  = mpv.handler.stderr
# descr = reads and processes stdout output from mpv-process

my $event     = shift->w;
my $read_fh   = $event->fd;
my $process   = $event->data;
my $pid       = $process->{'pid'};
my $whitelist = $process->{'log_whitelist'} || [];

<mpv.output.err_buffer> //= '';
<mpv.output.parse_mode> //= '';
<mpv.output.reply_data> //= [];

my $read_bytes
    = <[base.s_read]>->( $read_fh, \$data{'mpv'}{'output.buffer'}, 4096 );

if ( $read_bytes < 1 ) {    ## [ assumed filehandle exception ] ##
    $event->cancel;
    close($read_fh);
    <[base.logs]>
        ->( 'mpv-child [PID:%d] output-filehandle was closed', $pid );
    kill( 9, $pid );        ## making sure it is gone ##
    <[base.log]>->( 0, 'mpv-process terminated.' )
        if !<zenka.shutdown>;
    <[base.logs]>->( 'shutting down %s-zenka!', <system.zenka.name> );
    exit(2);
}

while ( <mpv.output.err_buffer> =~ s|^([^\n]*)\n||s ) {
    my $output_line = $1;
    $output_line =~ s|\r||sg;
    next if not length $output_line;
    <[base.logs]>->( 0, '< mpv-err > %s', $output_line );
}

#,,..,.,,,,..,.,,,..,,,..,.,.,..,,,,,,,,,,,,.,..,,...,...,.,,,.,,,,..,.,.,,.,,
#5TGYPHGCM5QXOW6PD3XW625BP6NIMWRO5WXT2LWMPPBJGSNH7VE2QNG6SFW3FWXTWQQTL6RDIGJWG
#\\\|SPCVNYR6SUUE4QINLJQ2EU6P5L2KDQDGSUNYG244LNTTEYMT7BK \ / AMOS7 \ YOURUM ::
#\[7]FOMBXTRDW45IRG5HXCCF6R5MHHTDZNCARJ6O2QOMSV3PZKB2UYBQ 7  DATA SIGNATURE ::
#:::::::::::::::::::::::::::::::::::::::::::::::::::::::::::::::::::::::::::::
