2026-09-09T09:58:19 :: run start : 5470 items in worklist, limit 75
2026-09-09T09:58:31 done    base.logs                                        [12s]
2026-09-09T09:58:50 done    base.log                                         [19s]
2026-09-09T09:59:05 done    base.s_warn                                      [15s]
2026-09-09T09:59:21 done    base.event.add_timer                             [16s]
2026-09-09T09:59:39 done    base.protocol-7.command.send.local               [18s]
2026-09-09T09:59:54 done    base.perlmod.autoload                            [15s]
2026-09-09T10:00:06 done    base.protocol-7.route-send                       [12s]
2026-09-09T10:00:27 done    base.perlmod.load                                [21s]
2026-09-09T10:00:43 done    base.file.slurp                                  [16s]
2026-09-09T10:00:55 done    base.str.os_err                                  [12s]
2026-09-09T10:01:48 :: run start : 5470 items in worklist, limit 5
2026-09-09T10:02:05 done    base.callback.cmd_reply                          [17s]
2026-09-09T10:02:18 done    base.sort                                        [13s]
2026-09-09T10:02:27 done    base.str.eval_error                              [9s]
2026-09-09T10:02:43 done    base.exit                                        [16s]
2026-09-09T10:02:56 done    base.cfg_bool                                    [13s]
2026-09-09T10:02:56 :: run end : 5 processed [ 5 done, 0 failed ], 10 skipped [ already current ], 5470 total items
2026-09-09T10:03:08 :: run start : 5470 items in worklist, limit 75
2026-09-09T10:03:21 done    base.gen_id                                      [13s]
2026-09-09T10:03:33 done    base.cnt_s                                       [12s]
2026-09-09T10:03:49 done    base.chk-sum.amos                                [16s]
2026-09-09T10:04:14 done    base.file.make_path                              [25s]
2026-09-09T10:04:37 done    base.file.zenka_dir.write                        [23s]
2026-09-09T10:05:00 done    crypt.C25519.key_vars                            [23s]
2026-09-09T10:05:17 done    base.event.add_io                                [17s]
2026-09-09T10:05:28 done    base.perlmod.loaded                              [11s]
2026-09-09T10:05:45 done    base.buffer.add_line                             [17s]
2026-09-09T10:05:58 done    base.reverse-sort                                [13s]
2026-09-09T10:06:19 done    base.file.put                                    [21s]
2026-09-09T10:06:35 done    base.file.zenka_dir.load                         [16s]
2026-09-09T10:06:55 done    base.s_read                                      [20s]
2026-09-09T10:07:15 done    mpv.send_command                                 [20s]
2026-09-09T10:07:32 done    base.chk-sum.bmw.L13-str                         [17s]
2026-09-09T10:07:46 done    base.is_defined_recursive                        [14s]
2026-09-09T10:08:02 done    base.net.send_to_socket                          [16s]
2026-09-09T10:08:17 done    base.file.read                                   [15s]
2026-09-09T10:08:31 done    base.file.zenka_dir.data_path                    [14s]
2026-09-09T10:08:43 done    plan-9.protocol.codec.encode-message             [12s]
2026-09-09T10:09:00 done    base.event.once                                  [17s]
2026-09-09T10:09:17 done    crypt.C25519.key_exists                          [17s]
2026-09-09T10:09:41 done    base.file.all_files                              [24s]
2026-09-09T10:09:58 done    base.vax-int.decode                              [17s]
2026-09-09T10:10:22 done    base.zenki.resolve_primary_sid                   [24s]
2026-09-09T10:10:33 done    plan-9.protocol.codec.decode-uint32              [11s]
2026-09-09T10:10:46 done    format.yaml.load_file                            [13s]
2026-09-09T10:10:58 done    httpd.new_header                                 [12s]
2026-09-09T10:11:07 done    plan-9.protocol.codec.encode-uint32              [9s]
2026-09-09T10:11:21 done    editor.control.get_value                         [14s]
2026-09-09T10:11:33 done    v7-zenki.instance_ids                            [12s]
2026-09-09T10:11:47 done    base.chk-sum.bmw.filesum                         [14s]
2026-09-09T10:12:00 done    base.prng.chars-anum                             [13s]
2026-09-09T10:12:30 done    base.stream.push                                 [30s]
2026-09-09T10:12:44 done    jobqueue.move_job                                [14s]
2026-09-09T10:12:59 done    base.chk-sum.bmw.224.B32                         [15s]
2026-09-09T10:13:12 done    base.file.write                                  [13s]
2026-09-09T10:13:29 done    base.swap_subs                                   [17s]
2026-09-09T10:13:39 done    base.zenki.report_child_pid                      [10s]
2026-09-09T10:14:01 done    base.event.add_signal                            [22s]
2026-09-09T10:14:13 done    base.file.put_bin                                [12s]
2026-09-09T10:14:28 done    coding.async.state_manager                       [15s]
2026-09-09T10:14:41 done    format.yaml.load_str                             [13s]
2026-09-09T10:14:57 done    base.exists.sub-process                          [16s]
2026-09-09T10:15:16 done    base.vax-int.encode                              [19s]
2026-09-09T10:15:30 done    base.waitpid                                     [14s]
2026-09-09T10:15:47 done    jobsite.job.read                                 [17s]
2026-09-09T10:15:59 done    base.clean_hashref                               [12s]
2026-09-09T10:16:20 done    base.path-set-up.check-zenka-paths               [21s]
2026-09-09T10:16:37 done    base.s_write                                     [17s]
2026-09-09T10:16:51 done    base.stream.close                                [14s]
2026-09-09T10:17:09 done    crypt.C25519.load_keypair                        [18s]
2026-09-09T10:17:26 done    format.yaml.write_file                           [17s]
2026-09-09T10:17:46 done    base.eval.comp_regex                             [20s]
2026-09-09T10:18:02 done    base.event.add_var                               [16s]
2026-09-09T10:18:15 done    base.file.glob                                   [13s]
2026-09-09T10:18:29 done    base.file.match_files                            [14s]
2026-09-09T10:18:41 done    base.path.resolve_keywords                       [12s]
2026-09-09T10:18:58 done    base.resolve_key                                 [17s]
2026-09-09T10:19:11 done    httpd.send_error_page                            [13s]
2026-09-09T10:19:28 done    base.ntime.epoch_timestamp                       [17s]
2026-09-09T10:19:50 done    base.parser.timestamp                            [22s]
2026-09-09T10:20:06 done    base.strm.local.register                         [16s]
2026-09-09T10:20:28 done    crypt.C25519.gen_keys                            [22s]
2026-09-09T10:20:53 done    jobsite.job.write                                [25s]
2026-09-09T10:21:09 done    base.chk-sum.amos.truth_template_chksum          [16s]
2026-09-09T10:21:35 done    base.init_modules                                [26s]
2026-09-09T10:21:54 done    base.parser.duration                             [19s]
2026-09-09T10:22:11 done    base.source.collect_file_list                    [17s]
2026-09-09T10:22:31 done    base.stream.open                                 [20s]
2026-09-09T10:22:48 done    format.json.decode                               [17s]
2026-09-09T10:23:07 done    jobsite.job.load_all                             [19s]
2026-09-09T10:23:27 done    jobsite.state.persist                            [20s]
2026-09-09T10:23:52 done    v7-zenki.zenka.change_status                     [25s]
2026-09-09T10:24:04 done    base.async.get_session_id                        [12s]
2026-09-09T10:24:04 :: run end : 75 processed [ 75 done, 0 failed ], 15 skipped [ already current ], 5470 total items
2026-09-09T10:24:24 :: run start : 5470 items in worklist, limit 3
2026-09-09T10:24:35 done    base.parser.center_ellipse_string                [11s]
2026-09-09T10:24:48 done    base.sprint_t                                    [13s]
2026-09-09T10:25:07 done    source.extract_sig_body                          [18s]
2026-09-09T10:25:07 :: run end : 3 processed [ 3 done, 0 failed ], 90 skipped [ already current ], 5470 total items
2026-09-09T10:25:07 :: run start : 5470 items in worklist, limit 1
2026-09-09T10:25:22 done    base.async.get_session_id                        [15s]
2026-09-09T10:25:22 :: run end : 1 processed [ 1 done, 0 failed ], 89 skipped [ already current ], 5470 total items
2026-09-09T22:31:44 :: run start : 5470 items in worklist, limit 200
2026-09-09T22:31:59 done    base.str.os_err                                  [15s]
2026-09-09T22:32:10 done    base.sort                                        [11s]
2026-09-09T22:32:25 done    base.str.eval_error                              [15s]
2026-09-09T22:32:37 done    base.cfg_bool                                    [12s]
2026-09-09T22:32:53 done    base.gen_id                                      [16s]
2026-09-09T22:33:05 done    base.cnt_s                                       [12s]
2026-09-09T22:33:24 done    base.file.make_path                              [19s]
2026-09-09T22:33:48 done    base.file.zenka_dir.write                        [24s]
2026-09-09T22:34:11 done    base.reverse-sort                                [23s]
2026-09-09T22:34:30 done    base.file.put                                    [19s]
2026-09-09T22:34:48 done    base.file.zenka_dir.load                         [18s]
2026-09-09T22:35:20 done    mpv.send_command                                 [32s]
2026-09-09T22:35:40 done    base.is_defined_recursive                        [20s]
2026-09-09T22:35:55 done    base.file.zenka_dir.data_path                    [15s]
2026-09-09T22:36:11 done    plan-9.protocol.codec.encode-message             [16s]
2026-09-09T22:36:36 done    crypt.C25519.key_exists                          [25s]
2026-09-09T22:36:58 done    base.file.all_files                              [22s]
2026-09-09T22:37:10 done    plan-9.protocol.codec.decode-uint32              [12s]
2026-09-09T22:37:28 done    httpd.new_header                                 [18s]
2026-09-09T22:37:42 done    plan-9.protocol.codec.encode-uint32              [14s]
2026-09-09T22:38:10 done    base.chk-sum.bmw.filesum                         [28s]
2026-09-09T22:38:23 done    base.prng.chars-anum                             [13s]
2026-09-09T22:38:39 done    base.zenki.report_child_pid                      [16s]
2026-09-09T22:38:54 done    base.parser.timestamp                            [15s]
2026-09-09T22:39:38 done    ascii.frame.render                               [44s]
2026-09-09T22:40:02 done    base.chk-sum.elf                                 [24s]
2026-09-09T22:40:25 done    base.code.call_expected                          [23s]
2026-09-09T22:40:56 done    base.file.open                                   [31s]
2026-09-09T22:41:14 done    base.file.which                                  [18s]
2026-09-09T22:41:33 done    base.required_bin_path                           [19s]
2026-09-09T22:42:06 done    base.session.init                                [33s]
2026-09-09T22:42:39 done    base.validate.data_key_syntax                    [32s]
2026-09-09T22:43:06 done    coding.async.state_machine                       [27s]
2026-09-09T22:43:31 done    plan-9.protocol.codec.decode-string              [25s]
2026-09-09T22:43:53 done    user-edit.form.build_frame                       [22s]
2026-09-09T22:44:17 done    X-11.WM.update                                   [24s]
2026-09-09T22:44:39 done    ascii.frame.load                                 [22s]
2026-09-09T22:44:50 done    base.chk-sum.elf.vax-BASE32                      [11s]
2026-09-09T22:45:10 done    base.dependency.ok                               [20s]
2026-09-09T22:45:26 done    base.disable_command                             [16s]
2026-09-09T22:45:38 done    base.load_runtime_modules                        [12s]
2026-09-09T22:46:02 done    crypt.C25519.write_keys                          [24s]
2026-09-09T22:46:15 done    format.yaml.dump_str                             [13s]
2026-09-09T22:46:36 done    jobqueue.add_job                                 [21s]
2026-09-09T22:46:50 done    plan-9.protocol.codec.encode-string              [14s]
2026-09-09T22:47:07 done    storage.9p.read-message                          [17s]
2026-09-09T22:47:21 done    v7-zenki.zenka.get_id                            [14s]
2026-09-09T22:47:34 done    X-11.get_window_ids                              [13s]
2026-09-09T22:47:46 done    base.dependency.add_object                       [12s]
2026-09-09T22:48:02 done    base.file.zenka_dir.unlink_file                  [16s]
2026-09-09T22:48:18 done    crypt.C25519.encrypted_key                       [16s]
2026-09-09T22:48:34 done    crypt.C25519.key_bin_checksums                   [16s]
2026-09-09T22:48:54 done    data.resolve_hash_path                           [20s]
2026-09-09T22:49:09 done    format.json.encode                               [15s]
2026-09-09T22:49:26 done    graphics-matrix.cursor.position                  [17s]
2026-09-09T22:49:52 done    jobqueue.check_dependencies                      [26s]
2026-09-09T22:50:04 done    plan-9.protocol.codec.decode-uint16              [12s]
2026-09-09T22:50:20 done    web-browser.js_call                              [16s]
2026-09-09T22:50:32 done    X-11.window_id_found                             [12s]
2026-09-09T22:50:49 done    base.base32.decode                               [17s]
2026-09-09T22:51:00 done    base.code.call_optional                          [11s]
2026-09-09T22:51:11 done    base.code.exists                                 [11s]
2026-09-09T22:51:27 done    base.file.basename                               [16s]
2026-09-09T22:51:39 done    base.fork                                        [12s]
2026-09-09T22:51:50 done    base.mod.exists                                  [11s]
2026-09-09T22:52:10 done    base.zenka.loop                                  [20s]
2026-09-09T22:52:30 done    coding.task.enqueue                              [20s]
2026-09-09T22:52:51 done    crypt.C25519.chk_key_dir                         [21s]
2026-09-09T22:53:12 done    editor.control.create                            [21s]
2026-09-09T22:53:29 done    letsencr.parent.activity_logger                  [17s]
2026-09-09T22:53:42 done    route.bmw384.visual.ring-label                   [13s]
2026-09-09T22:54:05 done    source.signature_valid                           [23s]
2026-09-09T22:54:21 done    storage.9p.walk                                  [16s]
2026-09-09T22:54:36 done    window.profile.load                              [15s]
2026-09-09T22:54:51 done    X-11.update_X11_WM                               [15s]
2026-09-09T22:55:06 done    base.X-11.get_window_geometry                    [15s]
2026-09-09T22:55:21 done    base.dependency.add                              [15s]
2026-09-09T22:55:44 done    base.file.all_links                              [23s]
2026-09-09T22:55:56 done    base.get_path.perl_exec                          [12s]
2026-09-09T22:56:09 done    base.gtk.attempt_load.glib_event                 [13s]
2026-09-09T22:56:28 done    base.gtk.list_monitors                           [19s]
2026-09-09T22:56:50 done    base.list.init                                   [22s]
2026-09-09T22:57:04 done    base.open                                        [14s]
2026-09-09T22:58:29 FAILED  base.parser.config                               : :: empty review content from model
2026-09-09T22:58:47 done    coding.async.backend_release                     [18s]
2026-09-09T22:59:01 done    coding.async.http_cleanup                        [14s]
2026-09-09T22:59:16 done    coding.async.stream_tps                          [15s]
2026-09-09T22:59:31 done    coding.chmod_child.readline                      [15s]
2026-09-09T22:59:43 done    crypt.C25519.unload_key                          [12s]
2026-09-09T22:59:57 done    ncode.util.run_cmd                               [14s]
2026-09-09T23:00:10 done    plan-9.protocol.codec.decode-qid                 [13s]
2026-09-09T23:00:27 done    plan-9.protocol.error                            [17s]
2026-09-09T23:00:37 done    plugin.web.jobs.cache.path                       [10s]
2026-09-09T23:00:50 done    storage.9p.clunk                                 [13s]
2026-09-09T23:01:10 done    v7-zenki.sub-process.get_children                [20s]
2026-09-09T23:01:27 done    valued.resolve                                   [17s]
2026-09-09T23:01:43 done    window.profile.save                              [16s]
2026-09-09T23:01:59 done    base.X-11.assign_window                          [16s]
2026-09-09T23:02:20 done    base.X-11.keep_above                             [21s]
2026-09-09T23:02:37 done    base.X-11.raise-window                           [16s]
2026-09-09T23:02:50 done    base.chk-sum.bmw.ctx                             [13s]
2026-09-09T23:03:08 done    base.chk-sum.jha.hex                             [18s]
2026-09-09T23:03:29 done    base.comp-int.is_valid                           [21s]
2026-09-09T23:03:55 done    base.handler.command                             [26s]
2026-09-09T23:04:13 done    base.n2u_time                                    [18s]
2026-09-09T23:04:32 done    base.session.check_remaining                     [19s]
2026-09-09T23:04:48 done    base.session.init_state                          [16s]
2026-09-09T23:05:01 done    crypt.C25519.clear_chksums                       [12s]
2026-09-09T23:05:17 done    crypt.C25519.sign_data                           [16s]
2026-09-09T23:05:31 done    crypt.C25519.validate_keyname                    [14s]
2026-09-09T23:05:42 done    editor.control.prompt.cancel                     [11s]
2026-09-09T23:05:58 done    httpd.json.encode                                [16s]
2026-09-09T23:06:21 done    jobsite.checksum.index                           [22s]
2026-09-09T23:06:41 done    jobsite.dispatch.next                            [20s]
2026-09-09T23:06:57 done    letsencr.child.acme_http_request                 [16s]
2026-09-09T23:07:12 done    models.chat.append                               [15s]
2026-09-09T23:07:24 done    proxy.client.close                               [12s]
2026-09-09T23:07:40 done    user-edit.form.quit                              [16s]
2026-09-09T23:07:53 done    window.profile.calculate                         [13s]
2026-09-09T23:08:32 done    base.X-11.move-window                            [39s]
2026-09-09T23:08:51 done    base.base32.encode                               [19s]
2026-09-09T23:09:06 done    base.chk-sum.elf.inline                          [15s]
2026-09-09T23:09:32 done    base.execute_zenka_code                          [26s]
2026-09-09T23:09:44 done    base.file.last_existing_dir_path                 [12s]
2026-09-09T23:10:09 done    base.file.write_encoded                          [25s]
2026-09-09T23:10:26 done    base.handler.child_output.simple                 [17s]
2026-09-09T23:10:39 done    base.init-done                                   [13s]
2026-09-09T23:10:56 done    base.ntime.epoch_dec                             [17s]
2026-09-09T23:11:23 done    base.root.drop_privs                             [26s]
2026-09-09T23:11:42 done    base.sort-num                                    [19s]
2026-09-09T23:12:04 done    channels.cmd.update                              [22s]
2026-09-09T23:12:21 done    coding.async.complete                            [17s]
2026-09-09T23:12:38 done    crypt.C25519.get_keyname                         [17s]
2026-09-09T23:13:07 done    crypt.C25519.get_type_from_key_str               [29s]
2026-09-09T23:13:26 done    crypt.C25519.keyfiles                            [19s]
2026-09-09T23:13:38 done    editor.control.get_cursor                        [12s]
2026-09-09T23:13:51 done    editor.control.load_field                        [13s]
2026-09-09T23:14:09 done    index.gen_path                                   [18s]
2026-09-09T23:14:26 done    jobsite.dispatch.assessments                     [17s]
2026-09-09T23:14:38 done    letsencr.child.get_fresh_nonce                   [12s]
2026-09-09T23:15:00 done    menu-commands.update-menu                        [22s]
2026-09-09T23:15:16 done    nshell.render.viewport                           [16s]
2026-09-09T23:15:32 done    pager.buffer.page.get                            [16s]
2026-09-09T23:15:47 done    plan-9.client.read-message                       [15s]
2026-09-09T23:16:06 done    plan-9.protocol.codec.encode-qid                 [19s]
2026-09-09T23:16:20 done    plan-9.protocol.codec.encode-uint64              [14s]
2026-09-09T23:16:39 done    plugin.storage.p7ref.parse                       [19s]
2026-09-09T23:16:57 done    plugin.storage.p7ref.resolve                     [18s]
2026-09-09T23:17:09 done    sourcecode.source_path_set_up                    [12s]
2026-09-09T23:17:22 done    task.persist.save                                [13s]
2026-09-09T23:17:44 done    ticker.cmd.set-window-profile                    [22s]
2026-09-09T23:18:02 done    ticker.emit_event                                [18s]
2026-09-09T23:18:25 done    v7-zenki.teardown                                [23s]
2026-09-09T23:18:41 done    web-browser.handler.slideshow                    [16s]
2026-09-09T23:18:53 FAILED  base.X-11.wait_for_window                        : :: inference request failed [rc 13312]: 
2026-09-09T23:19:23 FAILED  base.chk-sum.bmw.str-b32.L13                     : :: inference request failed [rc 1792]: 
2026-09-09T23:19:23 FAILED  base.dependency.install_callbacks                : :: inference request failed [rc 1792]: 
2026-09-09T23:19:23 FAILED  base.file.gen_path_linkname                      : :: inference request failed [rc 1792]: 
2026-09-09T23:19:23 FAILED  base.file.match_dirs                             : :: inference request failed [rc 1792]: 
2026-09-09T23:19:23 FAILED  base.file.path.make_dir                          : :: inference request failed [rc 1792]: 
2026-09-09T23:19:24 FAILED  base.get_homedir                                 : :: inference request failed [rc 1792]: 
2026-09-09T23:19:24 FAILED  base.handler.sig_chld.shutdown                   : :: inference request failed [rc 1792]: 
2026-09-09T23:19:24 FAILED  base.handler.write                               : :: inference request failed [rc 1792]: 
2026-09-09T23:19:24 FAILED  base.list.element.add                            : :: inference request failed [rc 1792]: 
2026-09-09T23:19:25 FAILED  base.ntime.delta_seconds                         : :: inference request failed [rc 1792]: 
2026-09-09T23:19:25 FAILED  base.parser.xclient-errors                       : :: inference request failed [rc 1792]: 
2026-09-09T23:19:25 FAILED  base.root.check_system_user                      : :: inference request failed [rc 1792]: 
2026-09-09T23:19:25 FAILED  coding.async.send_request                        : :: inference request failed [rc 1792]: 
2026-09-09T23:20:24 done    coding.spawn_inference_server                    [59s]
2026-09-09T23:20:43 done    coding.task.intake                               [19s]
2026-09-09T23:22:24 done    context.template.load                            [101s]
2026-09-09T23:23:27 FAILED  crypt.C25519.key_is_virtual                      : :: inference request failed [rc 13312]: 
2026-09-09T23:23:42 FAILED  crypt.C25519.key_name_to_skey                    : :: inference request failed [rc 1792]: 
2026-09-09T23:23:43 FAILED  editor.buffer.memory.create                      : :: inference request failed [rc 1792]: 
2026-09-09T23:23:43 FAILED  editor.control.get_display_value                 : :: inference request failed [rc 1792]: 
2026-09-09T23:23:43 FAILED  editor.control.multiline.lines                   : :: inference request failed [rc 1792]: 
2026-09-09T23:23:44 FAILED  format.yaml.load_keyword_path                    : :: inference request failed [rc 1792]: 
2026-09-09T23:23:44 FAILED  graphics-matrix.address.register                 : :: inference request failed [rc 1792]: 
2026-09-09T23:23:44 FAILED  graphics-matrix.address.resolve                  : :: inference request failed [rc 1792]: 
2026-09-09T23:23:44 FAILED  httpd.update_download_count                      : :: inference request failed [rc 1792]: 
2026-09-09T23:23:44 FAILED  index.rank                                       : :: inference request failed [rc 1792]: 
2026-09-09T23:23:44 FAILED  jobqueue.get_job_data                            : :: inference request failed [rc 1792]: 
2026-09-09T23:23:45 FAILED  jobsite.sync.push                                : :: inference request failed [rc 1792]: 
2026-09-09T23:25:33 done    keys.get_keyfiles                                [108s]
2026-09-09T23:25:51 done    memory.tree.flow                                 [18s]
2026-09-09T23:27:29 done    memory.tree.score                                [98s]
2026-09-09T23:28:14 done    menu-commands.save-state                         [45s]
2026-09-09T23:28:51 done    mod-test.callback.reload-test.is_registered      [37s]
2026-09-09T23:29:07 FAILED  mod-test.update_blacklist_aref                   : :: inference request failed [rc 13312]: 
2026-09-09T23:29:11 FAILED  models.chat.format_buffer                        : :: inference request failed [rc 1792]: 
2026-09-09T23:29:12 FAILED  models.chat.get_recent                           : :: inference request failed [rc 1792]: 
2026-09-09T23:29:12 FAILED  powershell.exec                                  : :: inference request failed [rc 1792]: 
2026-09-09T23:29:12 FAILED  route.bmw384.visual.arc-opacity-map              : :: inference request failed [rc 1792]: 
2026-09-09T23:29:12 FAILED  source.cmd.get-code-signed                       : :: inference request failed [rc 1792]: 
2026-09-09T23:30:46 done    users.record.path                                [94s]
2026-09-09T23:31:01 done    v7-zenki.stop_heartbeat_timer                    [15s]
2026-09-09T23:31:32 done    web-browser.capture_paged.advance                [31s]
2026-09-09T23:32:48 done    web.process_template_recursive                   [76s]
2026-09-09T23:34:19 done    window.place.find_safe_position                  [91s]
2026-09-09T23:34:37 done    amos-term.buffer-write                           [18s]
2026-09-09T23:34:37 :: run end : 200 processed [ 167 done, 33 failed ], 69 skipped [ already current ], 5470 total items
2026-09-09T23:38:04 :: run start : 5470 items in worklist, limit 40
2026-09-09T23:38:29 done    base.parser.config                               [24s]
2026-09-09T23:38:47 done    base.X-11.wait_for_window                        [14s]
2026-09-09T23:38:58 done    base.chk-sum.bmw.str-b32.L13                     [11s]
2026-09-09T23:39:09 done    base.dependency.install_callbacks                [11s]
2026-09-09T23:39:25 done    base.file.gen_path_linkname                      [16s]
2026-09-09T23:39:40 done    base.file.match_dirs                             [15s]
2026-09-09T23:39:50 done    base.file.path.make_dir                          [10s]
2026-09-09T23:40:04 done    base.get_homedir                                 [14s]
2026-09-09T23:40:33 done    base.handler.sig_chld.shutdown                   [29s]
2026-09-09T23:41:10 done    base.handler.write                               [37s]
2026-09-09T23:41:39 done    base.list.element.add                            [29s]
2026-09-09T23:41:55 done    base.ntime.delta_seconds                         [16s]
2026-09-09T23:42:14 done    base.parser.xclient-errors                       [19s]
2026-09-09T23:42:36 done    base.root.check_system_user                      [22s]
2026-09-09T23:43:08 done    coding.async.send_request                        [32s]
2026-09-09T23:43:32 done    crypt.C25519.key_is_virtual                      [24s]
2026-09-09T23:44:00 done    crypt.C25519.key_name_to_skey                    [28s]
2026-09-09T23:44:38 done    editor.buffer.memory.create                      [38s]
2026-09-09T23:44:56 done    editor.control.get_display_value                 [18s]
2026-09-09T23:45:10 done    editor.control.multiline.lines                   [14s]
2026-09-09T23:45:31 done    format.yaml.load_keyword_path                    [21s]
2026-09-09T23:45:47 done    graphics-matrix.address.register                 [16s]
2026-09-09T23:46:07 done    graphics-matrix.address.resolve                  [20s]
2026-09-09T23:46:19 done    httpd.update_download_count                      [12s]
2026-09-09T23:46:34 done    index.rank                                       [15s]
2026-09-09T23:46:45 done    jobqueue.get_job_data                            [11s]
2026-09-09T23:47:06 done    jobsite.sync.push                                [21s]
2026-09-09T23:47:25 done    mod-test.update_blacklist_aref                   [18s]
2026-09-09T23:47:40 done    models.chat.format_buffer                        [15s]
2026-09-09T23:48:04 done    models.chat.get_recent                           [24s]
2026-09-09T23:48:28 done    powershell.exec                                  [24s]
2026-09-09T23:49:03 done    route.bmw384.visual.arc-opacity-map              [35s]
2026-09-09T23:49:39 done    source.cmd.get-code-signed                       [35s]
2026-09-09T23:50:11 done    amos-term.window-close                           [29s]
2026-09-09T23:50:37 done    base.X-11.keep_below                             [26s]
2026-09-09T23:50:58 done    base.calc_gauss                                  [21s]
2026-09-09T23:51:16 done    base.chk-sum.bmw.strsum                          [18s]
2026-09-09T23:51:33 done    base.context.list                                [17s]
2026-09-09T23:51:59 done    base.dump_data                                   [26s]
2026-09-09T23:52:23 done    base.file.write_timestamp                        [24s]
2026-09-09T23:52:23 :: run end : 40 processed [ 40 done, 0 failed ], 236 skipped [ already current ], 5470 total items
