## [:< ##

# name  = base.handler.link-upgrade.output
# descr = output buffer watcher handler for encrypted session state (state 3)
#         encrypts the pending plaintext output buffer into a length-prefixed
#         ChaCha20-Poly1305 frame, then drains it via base.handler.write
#
# installed_by = protocol.protocol-7.encryption.init [ state 3 init ]
#         [ replaces the session's output_buffer var watcher handler ]
#
# wire format = frame : pack('N', length) . ciphertext . 16-byte auth tag
# nonce       = pack('N', link_nonce_session_id) . pack('N', write counter)
#               . pack('N', link_nonce_dir_write) [ this end's direction,
#               see protocol.protocol-7.encryption.init ; counter starts at
#               0, increments per frame ]

my $event = shift;
my $id    = $event->w->data;

if ( not exists $data{'session'}->{$id} ) {    ## session is gone ? ##
    $event->w->cancel if $event->w->is_active;
    return FALSE;
}

my $session = $data{'session'}->{$id};
my $output  = \$session->{'buffer'}->{'output'};

## encryption not initialized or nothing pending : plain drain ##
if (   not defined $session->{'link_encryption_key'}
    or not bytes::length($$output) ) {
    return <[base.handler.write]>->($event);
}

##[ ENCRYPT PENDING OUTPUT INTO ONE FRAME ]###################################

$event->w->stop;    ## modify buffer without re-triggering ##

utf8::downgrade( $$output, 1 ) if utf8::is_utf8($$output);

my $counter = $session->{'link_write_counter'} // 0;

## no direction : never fall back to a zero suffix [ that reuses nonces ##
## across the two directions ] - the session cannot be encrypted safely ##
if ( not defined $session->{'link_nonce_dir_write'} ) {
    <[base.s_warn]>->(
        sprintf 'link-upgrade nonce direction missing [session %d]', $id
    );
    $session->{'shutdown'} = TRUE;
    return 2;
}

my $nonce
    = pack( qw| N |, $session->{'link_nonce_session_id'} // $id )
    . pack( qw| N |, $counter )
    . pack( qw| N |, $session->{'link_nonce_dir_write'} );

my $cipher = Crypt::AuthEnc::ChaCha20Poly1305->new(
    $session->{'link_encryption_key'}, $nonce );

if ( not defined $cipher ) {
    <[base.s_warn]>->(
        sprintf 'ChaCha20-Poly1305 initialization failed [session %d]', $id
    );
    $session->{'shutdown'} = TRUE;
    return 2;
}

my $framed = eval {
    my $ciphertext = $cipher->encrypt_add($$output);
    my $auth_tag   = $cipher->encrypt_done();
    pack( qw| N |, bytes::length($ciphertext) + 16 )
        . $ciphertext
        . $auth_tag;
};

if ( my $error = $EVAL_ERROR ) {
    <[base.s_warn]>->(
        sprintf 'ChaCha20-Poly1305 encryption failed [session %d] : %s',
        $id, $error
    );
    $session->{'shutdown'} = TRUE;
    return 2;
}

## replace plaintext buffer with the framed ciphertext [ drain stays raw ]
$$output = $framed;
$session->{'link_write_counter'} = $counter + 1;

## drain the framed bytes to the socket [ restarts watcher as needed ]
return <[base.handler.write]>->($event);

#,,,,,.,.,,,.,,.,,,.,,.,.,.,.,..,,.,,,,..,,,.,.,.,...,...,.,.,...,.,.,..,,,,,,
#RMEMZPO7PKKKEM66YYFJJVPSGMJRAIWLDQOK5CQX6T77K5EXV2XGFTAAU23FPQBQJR2GISHTI2MSK
#\\\|QL2ST3RW7JXVNB54PAW42TLNQV2FCMYHWV3PUPDXFQ4RW52Y6DG \ / AMOS7 \ YOURUM ::
#\[7]S4AIOJOB4CURY74BFTH5XLZHFIH7J77GG7DPOCF4CIWDP6HDO4BY 7  DATA SIGNATURE ::
#:::::::::::::::::::::::::::::::::::::::::::::::::::::::::::::::::::::::::::::
